[htmldemo.hasthemes.com/educat-preview/educat/index.html]
[backblue.gif]
[fade.gif]
[index.html]
[htmldemo.hasthemes.com/educat-preview/educat/img/favicon.ico]
[htmldemo.hasthemes.com/educat-preview/educat/css/color-switcher.css]
[htmldemo.hasthemes.com/educat-preview/educat/css/font-awesome.min.css]
[htmldemo.hasthemes.com/educat-preview/educat/css/material-design-iconic-font.min.css]
[htmldemo.hasthemes.com/educat-preview/educat/css/bootstrap.min.css]
[htmldemo.hasthemes.com/educat-preview/educat/css/plugins.css]
[htmldemo.hasthemes.com/educat-preview/educat/style.css]
[htmldemo.hasthemes.com/educat-preview/educat/css/color.css]
[htmldemo.hasthemes.com/educat-preview/educat/css/responsive.css]
[htmldemo.hasthemes.com/educat-preview/educat/js/vendor/modernizr-2.8.3.min.js]
[htmldemo.hasthemes.com/educat-preview/educat/switcher/color-one.css]
[htmldemo.hasthemes.com/educat-preview/educat/switcher/color-two.css]
[htmldemo.hasthemes.com/educat-preview/educat/switcher/color-three.css]
[htmldemo.hasthemes.com/educat-preview/educat/switcher/color-four.css]
[htmldemo.hasthemes.com/educat-preview/educat/switcher/color-five.css]
[htmldemo.hasthemes.com/educat-preview/educat/switcher/color-six.css]
[htmldemo.hasthemes.com/educat-preview/educat/switcher/color-seven.css]
[htmldemo.hasthemes.com/educat-preview/educat/switcher/color-eight.css]
[htmldemo.hasthemes.com/educat-preview/educat/switcher/color-nine.css]
[htmldemo.hasthemes.com/educat-preview/educat/switcher/color-ten.css]
[htmldemo.hasthemes.com/educat-preview/educat/login-register.html]
[htmldemo.hasthemes.com/educat-preview/educat/latest-news.html]
[htmldemo.hasthemes.com/educat-preview/educat/img/logo/logo.png]
[htmldemo.hasthemes.com/educat-preview/educat/index-2.html]
[htmldemo.hasthemes.com/educat-preview/educat/index-3.html]
[htmldemo.hasthemes.com/educat-preview/educat/index-4.html]
[htmldemo.hasthemes.com/educat-preview/educat/index-5.html]
[htmldemo.hasthemes.com/educat-preview/educat/index-6.html]
[htmldemo.hasthemes.com/educat-preview/educat/index-7.html]
[htmldemo.hasthemes.com/educat-preview/educat/index-8.html]
[htmldemo.hasthemes.com/educat-preview/educat/index-9.html]
[htmldemo.hasthemes.com/educat-preview/educat/index-10.html]
[htmldemo.hasthemes.com/educat-preview/educat/index-11.html]
[htmldemo.hasthemes.com/educat-preview/educat/about.html]
[htmldemo.hasthemes.com/educat-preview/educat/courses.html]
[htmldemo.hasthemes.com/educat-preview/educat/courses-details.html]
[htmldemo.hasthemes.com/educat-preview/educat/slider-style-1.html]
[htmldemo.hasthemes.com/educat-preview/educat/slider-style-2.html]
[htmldemo.hasthemes.com/educat-preview/educat/slider-style-3.html]
[htmldemo.hasthemes.com/educat-preview/educat/background-image.html]
[htmldemo.hasthemes.com/educat-preview/educat/image-overlay-light.html]
[htmldemo.hasthemes.com/educat-preview/educat/image-overlay-dark.html]
[htmldemo.hasthemes.com/educat-preview/educat/video-background.html]
[htmldemo.hasthemes.com/educat-preview/educat/fixed-image.html]
[htmldemo.hasthemes.com/educat-preview/educat/overlay-fixed-image.html]
[htmldemo.hasthemes.com/educat-preview/educat/text-animation-1.html]
[htmldemo.hasthemes.com/educat-preview/educat/text-animation-2.html]
[htmldemo.hasthemes.com/educat-preview/educat/text-animation-3.html]
[htmldemo.hasthemes.com/educat-preview/educat/theme-menu-1.html]
[htmldemo.hasthemes.com/educat-preview/educat/theme-menu-2.html]
[htmldemo.hasthemes.com/educat-preview/educat/theme-menu-3.html]
[htmldemo.hasthemes.com/educat-preview/educat/without-top-bar.html]
[htmldemo.hasthemes.com/educat-preview/educat/menu-center.html]
[htmldemo.hasthemes.com/educat-preview/educat/menu-transparent.html]
[htmldemo.hasthemes.com/educat-preview/educat/menu-semi-transparent.html]
[htmldemo.hasthemes.com/educat-preview/educat/menu-dark.html]
[htmldemo.hasthemes.com/educat-preview/educat/borderd-menu.html]
[htmldemo.hasthemes.com/educat-preview/educat/menu-top-border.html]
[htmldemo.hasthemes.com/educat-preview/educat/menu-sticky.html]
[htmldemo.hasthemes.com/educat-preview/educat/menu-non-sticky.html]
[htmldemo.hasthemes.com/educat-preview/educat/breadcrumb-dark.html]
[htmldemo.hasthemes.com/educat-preview/educat/breadcrumb-image.html]
[htmldemo.hasthemes.com/educat-preview/educat/breadcrumb-fixed.html]
[htmldemo.hasthemes.com/educat-preview/educat/breadcrumb-transparent.html]
[htmldemo.hasthemes.com/educat-preview/educat/breadcrumb-left.html]
[htmldemo.hasthemes.com/educat-preview/educat/breadcrumb-right.html]
[htmldemo.hasthemes.com/educat-preview/educat/footer-style-1.html]
[htmldemo.hasthemes.com/educat-preview/educat/footer-style-2.html]
[htmldemo.hasthemes.com/educat-preview/educat/footer-style-3.html]
[htmldemo.hasthemes.com/educat-preview/educat/footer-style-4.4f.delayed]
[htmldemo.hasthemes.com/educat-preview/educat/shortcode-course.html]
[htmldemo.hasthemes.com/educat-preview/educat/shortcode-event.html]
[htmldemo.hasthemes.com/educat-preview/educat/shortcode-latest-news.html]
[htmldemo.hasthemes.com/educat-preview/educat/shortcode-product.html]
[htmldemo.hasthemes.com/educat-preview/educat/shortcode-testimonial.html]
[htmldemo.hasthemes.com/educat-preview/educat/shortcode-contact-form.html]
[htmldemo.hasthemes.com/educat-preview/educat/shortcode-map.html]
[htmldemo.hasthemes.com/educat-preview/educat/shortcode-facts.html]
[htmldemo.hasthemes.com/educat-preview/educat/image-gallery.html]
[htmldemo.hasthemes.com/educat-preview/educat/video-gallery.html]
[htmldemo.hasthemes.com/educat-preview/educat/shortcode-alerts.html]
[htmldemo.hasthemes.com/educat-preview/educat/shortcode-button.html]
[htmldemo.hasthemes.com/educat-preview/educat/shortcode-breadcrumbs.html]
[htmldemo.hasthemes.com/educat-preview/educat/shortcode-dropdown.html]
[htmldemo.hasthemes.com/educat-preview/educat/shortcode-pagination.html]
[htmldemo.hasthemes.com/educat-preview/educat/shortcode-progressbar.html]
[htmldemo.hasthemes.com/educat-preview/educat/event.html]
[htmldemo.hasthemes.com/educat-preview/educat/event-details.html]
[htmldemo.hasthemes.com/educat-preview/educat/news-details.html]
[htmldemo.hasthemes.com/educat-preview/educat/shop-grid.html]
[htmldemo.hasthemes.com/educat-preview/educat/product-details.html]
[htmldemo.hasthemes.com/educat-preview/educat/contact.html]
[htmldemo.hasthemes.com/educat-preview/educat/img/slider/1.jpg]
[htmldemo.hasthemes.com/educat-preview/educat/img/slider/2.jpg]
[htmldemo.hasthemes.com/educat-preview/educat/img/course/1.jpg]
[htmldemo.hasthemes.com/educat-preview/educat/img/course/2.jpg]
[htmldemo.hasthemes.com/educat-preview/educat/img/course/3.jpg]
[htmldemo.hasthemes.com/educat-preview/educat/img/latest/1.jpg]
[htmldemo.hasthemes.com/educat-preview/educat/img/latest/2.jpg]
[htmldemo.hasthemes.com/educat-preview/educat/img/latest/3.jpg]
[htmldemo.hasthemes.com/educat-preview/educat/img/latest/4.jpg]
[htmldemo.hasthemes.com/educat-preview/educat/img/product/1.jpg]
[htmldemo.hasthemes.com/educat-preview/educat/img/product/2.jpg]
[htmldemo.hasthemes.com/educat-preview/educat/img/product/3.jpg]
[htmldemo.hasthemes.com/educat-preview/educat/img/product/4.jpg]
[htmldemo.hasthemes.com/educat-preview/educat/img/testimonial/1.jpg]
[htmldemo.hasthemes.com/educat-preview/educat/img/testimonial/2.jpg]
[htmldemo.hasthemes.com/educat-preview/educat/img/testimonial/3.jpg]
[htmldemo.hasthemes.com/educat-preview/educat/img/event/1.jpg]
[htmldemo.hasthemes.com/educat-preview/educat/img/event/2.jpg]
[htmldemo.hasthemes.com/educat-preview/educat/img/event/3.jpg]
[htmldemo.hasthemes.com/educat-preview/educat/img/logo/footer.png]
[htmldemo.hasthemes.com/educat-preview/educat/img/footer/1.jpg]
[htmldemo.hasthemes.com/educat-preview/educat/img/footer/2.jpg]
[htmldemo.hasthemes.com/educat-preview/educat/img/footer/3.jpg]
[htmldemo.hasthemes.com/educat-preview/educat/img/footer/4.jpg]
[htmldemo.hasthemes.com/educat-preview/educat/img/footer/5.jpg]
[htmldemo.hasthemes.com/educat-preview/educat/img/footer/6.jpg]
[htmldemo.hasthemes.com/educat-preview/educat/img/ec-pattren/pattren1.jpg]
[htmldemo.hasthemes.com/educat-preview/educat/img/ec-pattren/pattren2.jpg]
[htmldemo.hasthemes.com/educat-preview/educat/img/ec-pattren/pattren3.jpg]
[htmldemo.hasthemes.com/educat-preview/educat/img/ec-pattren/pattren4.jpg]
[htmldemo.hasthemes.com/educat-preview/educat/img/ec-pattren/pattren5.jpg]
[htmldemo.hasthemes.com/educat-preview/educat/img/ec-background/bg-1.jpg]
[htmldemo.hasthemes.com/educat-preview/educat/img/ec-background/bg-2.jpg]
[htmldemo.hasthemes.com/educat-preview/educat/img/ec-background/bg-3.jpg]
[htmldemo.hasthemes.com/educat-preview/educat/img/ec-background/bg-4.jpg]
[htmldemo.hasthemes.com/educat-preview/educat/img/ec-background/bg-5.jpg]
[htmldemo.hasthemes.com/educat-preview/educat/js/vendor/jquery-1.12.4.min.js]
[htmldemo.hasthemes.com/educat-preview/educat/js/popper.min.js]
[htmldemo.hasthemes.com/educat-preview/educat/js/bootstrap.min.js]
[htmldemo.hasthemes.com/educat-preview/educat/js/ajax-mail.js]
[htmldemo.hasthemes.com/educat-preview/educat/js/styleswitch.js]
[htmldemo.hasthemes.com/educat-preview/educat/js/plugins.js]
[htmldemo.hasthemes.com/educat-preview/educat/index.html]
[htmldemo.hasthemes.com/educat-preview/educat/css/color-switcher.css]
[htmldemo.hasthemes.com/educat-preview/educat/js/main.js]
[htmldemo.hasthemes.com/educat-preview/educat/fonts/fontawesome-webfont3295.eot]
[htmldemo.hasthemes.com/educat-preview/educat/fonts/fontawesome-webfontd41d.eot]
[htmldemo.hasthemes.com/educat-preview/educat/fonts/fontawesome-webfont3295.woff2]
[htmldemo.hasthemes.com/educat-preview/educat/fonts/fontawesome-webfont3295.woff]
[htmldemo.hasthemes.com/educat-preview/educat/fonts/fontawesome-webfont3295.ttf]
[htmldemo.hasthemes.com/educat-preview/educat/css/font-awesome.min.css]
[htmldemo.hasthemes.com/educat-preview/educat/fonts/fontawesome-webfont3295.svg]
[htmldemo.hasthemes.com/educat-preview/educat/fonts/Material-Design-Iconic-Fontd1f1.woff2]
[htmldemo.hasthemes.com/educat-preview/educat/fonts/Material-Design-Iconic-Fontd1f1.woff]
[htmldemo.hasthemes.com/educat-preview/educat/fonts/Material-Design-Iconic-Fontd1f1.ttf]
[htmldemo.hasthemes.com/educat-preview/educat/css/material-design-iconic-font.min.css]
[htmldemo.hasthemes.com/educat-preview/educat/css/bootstrap.min.css]
[htmldemo.hasthemes.com/educat-preview/educat/css/owl.video.play.9a.delayed]
[htmldemo.hasthemes.com/educat-preview/educat/img/loading.9b.delayed]
[htmldemo.hasthemes.com/educat-preview/educat/img/arrows.9c.delayed]
[htmldemo.hasthemes.com/educat-preview/educat/css/font/ytp-regular.9d.delayed]
[htmldemo.hasthemes.com/educat-preview/educat/css/plugins.css]
[htmldemo.hasthemes.com/educat-preview/educat/fonts/montserrat-bold-webfont.eot]
[htmldemo.hasthemes.com/educat-preview/educat/fonts/montserrat-bold-webfontd41d.eot]
[htmldemo.hasthemes.com/educat-preview/educat/fonts/montserrat-bold-webfont.woff2]
[htmldemo.hasthemes.com/educat-preview/educat/fonts/montserrat-bold-webfont.woff]
[htmldemo.hasthemes.com/educat-preview/educat/fonts/montserrat-bold-webfont.ttf]
[htmldemo.hasthemes.com/educat-preview/educat/fonts/montserrat-bold-webfont.svg]
[htmldemo.hasthemes.com/educat-preview/educat/fonts/montserrat-light-webfont.eot]
[htmldemo.hasthemes.com/educat-preview/educat/fonts/montserrat-light-webfontd41d.eot]
[htmldemo.hasthemes.com/educat-preview/educat/fonts/montserrat-light-webfont.woff2]
[htmldemo.hasthemes.com/educat-preview/educat/fonts/montserrat-light-webfont.woff]
[htmldemo.hasthemes.com/educat-preview/educat/fonts/montserrat-light-webfont.ttf]
[htmldemo.hasthemes.com/educat-preview/educat/fonts/montserrat-light-webfont.svg]
[htmldemo.hasthemes.com/educat-preview/educat/fonts/montserrat-regular-webfont.eot]
[htmldemo.hasthemes.com/educat-preview/educat/fonts/montserrat-regular-webfontd41d.eot]
[htmldemo.hasthemes.com/educat-preview/educat/fonts/montserrat-regular-webfont.woff2]
[htmldemo.hasthemes.com/educat-preview/educat/fonts/montserrat-regular-webfont.woff]
[htmldemo.hasthemes.com/educat-preview/educat/fonts/montserrat-regular-webfont.ttf]
[htmldemo.hasthemes.com/educat-preview/educat/fonts/montserrat-regular-webfont.svg]
[htmldemo.hasthemes.com/educat-preview/educat/fonts/montserrat-semibold-webfont.eot]
[htmldemo.hasthemes.com/educat-preview/educat/fonts/montserrat-semibold-webfontd41d.eot]
[htmldemo.hasthemes.com/educat-preview/educat/fonts/montserrat-semibold-webfont.woff2]
[htmldemo.hasthemes.com/educat-preview/educat/fonts/montserrat-semibold-webfont.woff]
[htmldemo.hasthemes.com/educat-preview/educat/fonts/montserrat-semibold-webfont.ttf]
[htmldemo.hasthemes.com/educat-preview/educat/fonts/montserrat-semibold-webfont.svg]
[htmldemo.hasthemes.com/educat-preview/educat/img/icon/cap-dark.jpg]
[htmldemo.hasthemes.com/educat-preview/educat/img/icon/cap-white.jpg]
[htmldemo.hasthemes.com/educat-preview/educat/img/banner/1.jpg]
[htmldemo.hasthemes.com/educat-preview/educat/img/banner/2.jpg]
[htmldemo.hasthemes.com/educat-preview/educat/img/banner/3.jpg]
[htmldemo.hasthemes.com/educat-preview/educat/img/banner/5.jpg]
[htmldemo.hasthemes.com/educat-preview/educat/img/icon/arrow.png]
[htmldemo.hasthemes.com/educat-preview/educat/img/banner/4.jpg]
[htmldemo.hasthemes.com/educat-preview/educat/img/slider/3.jpg]
[htmldemo.hasthemes.com/educat-preview/educat/img/slider/5.jpg]
[htmldemo.hasthemes.com/educat-preview/educat/img/ec-background/welcome-bg.jpg]
[htmldemo.hasthemes.com/educat-preview/educat/img/ec-background/testimonial-bg-10.jpg]
[htmldemo.hasthemes.com/educat-preview/educat/style.css]
[htmldemo.hasthemes.com/educat-preview/educat/css/color.css]
[htmldemo.hasthemes.com/educat-preview/educat/css/responsive.css]
[htmldemo.hasthemes.com/educat-preview/educat/switcher/color-one.css]
[htmldemo.hasthemes.com/educat-preview/educat/switcher/color-two.css]
[htmldemo.hasthemes.com/educat-preview/educat/switcher/color-three.css]
[htmldemo.hasthemes.com/educat-preview/educat/switcher/color-four.css]
[htmldemo.hasthemes.com/educat-preview/educat/switcher/color-five.css]
[htmldemo.hasthemes.com/educat-preview/educat/switcher/color-six.css]
[htmldemo.hasthemes.com/educat-preview/educat/switcher/color-seven.css]
[htmldemo.hasthemes.com/educat-preview/educat/switcher/color-eight.css]
[htmldemo.hasthemes.com/educat-preview/educat/switcher/color-nine.css]
[htmldemo.hasthemes.com/educat-preview/educat/switcher/color-ten.css]
[htmldemo.hasthemes.com/educat-preview/educat/switcher/pattren1.css]
[htmldemo.hasthemes.com/educat-preview/educat/switcher/pattren2.css]
[htmldemo.hasthemes.com/educat-preview/educat/switcher/pattren3.css]
[htmldemo.hasthemes.com/educat-preview/educat/switcher/pattren4.css]
[htmldemo.hasthemes.com/educat-preview/educat/switcher/pattren5.css]
[htmldemo.hasthemes.com/educat-preview/educat/switcher/background1.css]
[htmldemo.hasthemes.com/educat-preview/educat/switcher/background2.css]
[htmldemo.hasthemes.com/educat-preview/educat/switcher/background3.css]
[htmldemo.hasthemes.com/educat-preview/educat/switcher/background4.css]
[htmldemo.hasthemes.com/educat-preview/educat/switcher/background5.css]
[htmldemo.hasthemes.com/educat-preview/educat/login-register.html]
[htmldemo.hasthemes.com/educat-preview/educat/img/latest/5.jpg]
[htmldemo.hasthemes.com/educat-preview/educat/img/latest/6.jpg]
[htmldemo.hasthemes.com/educat-preview/educat/latest-news.html]
[htmldemo.hasthemes.com/educat-preview/educat/img/slider/4.jpg]
[htmldemo.hasthemes.com/educat-preview/educat/index-2.html]
[htmldemo.hasthemes.com/educat-preview/educat/index-3.html]
[htmldemo.hasthemes.com/educat-preview/educat/index-4.html]
[htmldemo.hasthemes.com/educat-preview/educat/index-5.html]
[htmldemo.hasthemes.com/educat-preview/educat/index-6.html]
[htmldemo.hasthemes.com/educat-preview/educat/index-7.html]
[htmldemo.hasthemes.com/educat-preview/educat/index-8.html]
[htmldemo.hasthemes.com/educat-preview/educat/index-9.html]
[htmldemo.hasthemes.com/educat-preview/educat/index-10.html]
[htmldemo.hasthemes.com/educat-preview/educat/index-11.html]
[htmldemo.hasthemes.com/educat-preview/educat/img/banner/6.jpg]
[htmldemo.hasthemes.com/educat-preview/educat/img/teacher/l-1.jpg]
[htmldemo.hasthemes.com/educat-preview/educat/img/teacher/l-2.jpg]
[htmldemo.hasthemes.com/educat-preview/educat/img/teacher/l-3.jpg]
[htmldemo.hasthemes.com/educat-preview/educat/img/teacher/l-4.jpg]
[htmldemo.hasthemes.com/educat-preview/educat/about.html]
[htmldemo.hasthemes.com/educat-preview/educat/img/course/4.jpg]
[htmldemo.hasthemes.com/educat-preview/educat/img/course/5.jpg]
[htmldemo.hasthemes.com/educat-preview/educat/img/course/6.jpg]
[htmldemo.hasthemes.com/educat-preview/educat/courses.html]
[htmldemo.hasthemes.com/educat-preview/educat/img/details/1.jpg]
[htmldemo.hasthemes.com/educat-preview/educat/img/comment/1.jpg]
[htmldemo.hasthemes.com/educat-preview/educat/img/comment/2.jpg]
[htmldemo.hasthemes.com/educat-preview/educat/img/comment/3.jpg]
[htmldemo.hasthemes.com/educat-preview/educat/img/teacher/5.jpg]
[htmldemo.hasthemes.com/educat-preview/educat/courses-details.html]
[htmldemo.hasthemes.com/educat-preview/educat/slider-style-1.html]
[htmldemo.hasthemes.com/educat-preview/educat/slider-style-2.html]
[htmldemo.hasthemes.com/educat-preview/educat/slider-style-3.html]
[htmldemo.hasthemes.com/educat-preview/educat/background-image.html]
[htmldemo.hasthemes.com/educat-preview/educat/image-overlay-light.html]
[htmldemo.hasthemes.com/educat-preview/educat/image-overlay-dark.html]
[htmldemo.hasthemes.com/educat-preview/educat/video-background.html]
[htmldemo.hasthemes.com/educat-preview/educat/fixed-image.html]
[htmldemo.hasthemes.com/educat-preview/educat/overlay-fixed-image.html]
[htmldemo.hasthemes.com/educat-preview/educat/text-animation-1.html]
[htmldemo.hasthemes.com/educat-preview/educat/text-animation-2.html]
[htmldemo.hasthemes.com/educat-preview/educat/text-animation-3.html]
[htmldemo.hasthemes.com/educat-preview/educat/theme-menu-1.html]
[htmldemo.hasthemes.com/educat-preview/educat/theme-menu-2.html]
[htmldemo.hasthemes.com/educat-preview/educat/theme-menu-3.html]
[htmldemo.hasthemes.com/educat-preview/educat/without-top-bar.html]
[htmldemo.hasthemes.com/educat-preview/educat/menu-center.html]
[htmldemo.hasthemes.com/educat-preview/educat/menu-transparent.html]
[htmldemo.hasthemes.com/educat-preview/educat/menu-semi-transparent.html]
[htmldemo.hasthemes.com/educat-preview/educat/menu-dark.html]
[htmldemo.hasthemes.com/educat-preview/educat/borderd-menu.html]
[htmldemo.hasthemes.com/educat-preview/educat/menu-top-border.html]
[htmldemo.hasthemes.com/educat-preview/educat/menu-sticky.html]
[htmldemo.hasthemes.com/educat-preview/educat/menu-non-sticky.html]
[htmldemo.hasthemes.com/educat-preview/educat/breadcrumb-dark.html]
[htmldemo.hasthemes.com/educat-preview/educat/breadcrumb-fixed.html]
[htmldemo.hasthemes.com/educat-preview/educat/breadcrumb-image.html]
[htmldemo.hasthemes.com/educat-preview/educat/breadcrumb-transparent.html]
[htmldemo.hasthemes.com/educat-preview/educat/breadcrumb-left.html]
[htmldemo.hasthemes.com/educat-preview/educat/breadcrumb-right.html]
[htmldemo.hasthemes.com/educat-preview/educat/footer-style-1.html]
[htmldemo.hasthemes.com/educat-preview/educat/footer-style-2.html]
[htmldemo.hasthemes.com/educat-preview/educat/footer-style-3.html]
[htmldemo.hasthemes.com/educat-preview/educat/footer-style-4.html]
[htmldemo.hasthemes.com/educat-preview/educat/shortcode-course.html]
[htmldemo.hasthemes.com/educat-preview/educat/shortcode-event.html]
[htmldemo.hasthemes.com/educat-preview/educat/shortcode-latest-news.html]
[htmldemo.hasthemes.com/educat-preview/educat/shortcode-product.html]
[htmldemo.hasthemes.com/educat-preview/educat/shortcode-testimonial.html]
[htmldemo.hasthemes.com/educat-preview/educat/shortcode-contact-form.html]
[htmldemo.hasthemes.com/educat-preview/educat/shortcode-map.html]
[htmldemo.hasthemes.com/educat-preview/educat/shortcode-facts.html]
[htmldemo.hasthemes.com/educat-preview/educat/image-gallery.html]
[htmldemo.hasthemes.com/educat-preview/educat/video-gallery.html]
[htmldemo.hasthemes.com/educat-preview/educat/shortcode-alerts.html]
[htmldemo.hasthemes.com/educat-preview/educat/shortcode-button.html]
[htmldemo.hasthemes.com/educat-preview/educat/shortcode-breadcrumbs.html]
[htmldemo.hasthemes.com/educat-preview/educat/shortcode-dropdown.html]
[htmldemo.hasthemes.com/educat-preview/educat/shortcode-pagination.html]
[htmldemo.hasthemes.com/educat-preview/educat/shortcode-progressbar.html]
[htmldemo.hasthemes.com/educat-preview/educat/img/event/4.jpg]
[htmldemo.hasthemes.com/educat-preview/educat/img/event/5.jpg]
[htmldemo.hasthemes.com/educat-preview/educat/event.html]
[htmldemo.hasthemes.com/educat-preview/educat/img/event/6.jpg]
[htmldemo.hasthemes.com/educat-preview/educat/img/event/7.jpg]
[htmldemo.hasthemes.com/educat-preview/educat/img/event/8.jpg]
[htmldemo.hasthemes.com/educat-preview/educat/img/event/9.jpg]
[htmldemo.hasthemes.com/educat-preview/educat/img/event/10.jpg]
[htmldemo.hasthemes.com/educat-preview/educat/event-details.html]
[htmldemo.hasthemes.com/educat-preview/educat/img/details/2.jpg]
[htmldemo.hasthemes.com/educat-preview/educat/news-details.html]
[htmldemo.hasthemes.com/educat-preview/educat/img/product/5.jpg]
[htmldemo.hasthemes.com/educat-preview/educat/img/product/6.jpg]
[htmldemo.hasthemes.com/educat-preview/educat/shop-grid.html]
[htmldemo.hasthemes.com/educat-preview/educat/img/details/3.jpg]
[htmldemo.hasthemes.com/educat-preview/educat/product-details.html]
[htmldemo.hasthemes.com/educat-preview/educat/contact.html]
[htmldemo.hasthemes.com/educat-preview/educat/fonts/fontawesome-webfont3295.svg]
[htmldemo.hasthemes.com/educat-preview/educat/css/owl.video.play.html]
[htmldemo.hasthemes.com/educat-preview/educat/img/loading.html]
[htmldemo.hasthemes.com/educat-preview/educat/img/arrows.html]
[htmldemo.hasthemes.com/educat-preview/educat/css/font/ytp-regular.html]
[htmldemo.hasthemes.com/educat-preview/educat/fonts/montserrat-bold-webfont.svg]
[htmldemo.hasthemes.com/educat-preview/educat/fonts/montserrat-light-webfont.svg]
[htmldemo.hasthemes.com/educat-preview/educat/fonts/montserrat-regular-webfont.svg]
[htmldemo.hasthemes.com/educat-preview/educat/fonts/montserrat-semibold-webfont.svg]
